BG Colors:
  fill: !!python/tuple [171, 171, 171, 255]
  ? !!python/tuple [700, 0]
  : &id002 !!python/tuple
  - background
  - !!python/tuple [255, 178, 127, 255]
  ? !!python/tuple [100, 50]
  : *id002
  ? !!python/tuple [150, 50]
  : *id002
  ? !!python/tuple [150, 50]
  : *id002
  ? !!python/tuple [200, 50]
  : *id002
  ? !!python/tuple [250, 50]
  : *id002
  ? !!python/tuple [300, 50]
  : *id002
  ? !!python/tuple [350, 50]
  : *id002
  ? !!python/tuple [400, 50]
  : *id002
  ? !!python/tuple [450, 50]
  : *id002
  ? !!python/tuple [500, 50]
  : *id002
  ? !!python/tuple [550, 50]
  : *id002
  ? !!python/tuple [600, 50]
  : *id002
  ? !!python/tuple [650, 50]
  : *id002
  ? !!python/tuple [700, 50]
  : *id002
  ? !!python/tuple [100, 100]
  : *id002
  ? !!python/tuple [100, 150]
  : *id002
  ? !!python/tuple [100, 200]
  : *id002
  ? !!python/tuple [100, 250]
  : *id002
  ? !!python/tuple [0, 300]
  : *id002
  ? !!python/tuple [50, 300]
  : *id002
  ? !!python/tuple [100, 300]
  : *id002
  ? !!python/tuple [100, 350]
  : *id002
  ? !!python/tuple [100, 400]
  : *id002
  ? !!python/tuple [100, 450]
  : *id002
  ? !!python/tuple [100, 500]
  : *id002
  ? !!python/tuple [150, 500]
  : *id002
  ? !!python/tuple [200, 500]
  : *id002
  ? !!python/tuple [200, 550]
  : *id002
  ? !!python/tuple [200, 600]
  : *id002
  ? !!python/tuple [200, 650]
  : *id002
BG Tiles: {}
Chests: {}
Enemies: {}
Environment: {}
Foreground: {}
Items: {}
Solid:
  ? !!python/tuple [700, 0]
  : &id004 !!python/tuple
  - base
  - !!python/tuple [100, 0]
  ? !!python/tuple [100, 50]
  : !!python/tuple
  - base
  - !!python/tuple [100, 50]
  ? !!python/tuple [150, 50]
  : &id005 !!python/tuple
  - base
  - !!python/tuple [50, 0]
  ? !!python/tuple [200, 50]
  : *id005
  ? !!python/tuple [250, 50]
  : *id005
  ? !!python/tuple [300, 50]
  : *id005
  ? !!python/tuple [350, 50]
  : *id005
  ? !!python/tuple [400, 50]
  : *id005
  ? !!python/tuple [450, 50]
  : *id005
  ? !!python/tuple [500, 50]
  : *id005
  ? !!python/tuple [550, 50]
  : *id005
  ? !!python/tuple [600, 50]
  : *id005
  ? !!python/tuple [650, 50]
  : *id005
  ? !!python/tuple [700, 50]
  : !!python/tuple
  - base
  - !!python/tuple [250, 50]
  ? !!python/tuple [100, 100]
  : *id004
  ? !!python/tuple [100, 100]
  : *id004
  ? !!python/tuple [100, 150]
  : *id004
  ? !!python/tuple [100, 200]
  : *id004
  ? !!python/tuple [100, 250]
  : *id004
  ? !!python/tuple [0, 300]
  : *id005
  ? !!python/tuple [50, 300]
  : *id005
  ? !!python/tuple [50, 300]
  : *id005
  ? !!python/tuple [100, 300]
  : !!python/tuple
  - base
  - !!python/tuple [300, 0]
  ? !!python/tuple [100, 350]
  : *id004
  ? !!python/tuple [100, 400]
  : *id004
  ? !!python/tuple [100, 450]
  : *id004
  ? !!python/tuple [100, 500]
  : !!python/tuple
  - base
  - !!python/tuple [200, 50]
  ? !!python/tuple [150, 500]
  : *id005
  ? !!python/tuple [200, 500]
  : !!python/tuple
  - base
  - !!python/tuple [150, 50]
  ? !!python/tuple [200, 550]
  : *id004
  ? !!python/tuple [200, 600]
  : *id004
  ? !!python/tuple [200, 650]
  : *id004
Solid/Fore: {}
Water: {}
